// Vitest Snapshot v1, https://vitest.dev/guide/snapshot.html

exports[`composeSystemPrompt — scenario × section golden matrix > keeps the section gating matrix stable across scenarios 1`] = `
{
  "api-mode-byok": {
    "sections": [
      "injection-resistance",
      "api-mode-override",
      "direction-library",
      "slim-core-charter",
      "project-metadata",
      "host-clarification-gate",
      "role-marker-guard",
    ],
    "totalChars": 29780,
  },
  "ask-mode-full-context": {
    "sections": [
      "injection-resistance",
      "ask-mode-override",
      "ask-dynamic-context-scope",
      "personal-memory",
      "memory-rule-proposal",
      "design-system-usage",
      "design-system-body",
      "design-system-pull-index",
      "active-skill",
      "project-metadata",
      "ask-mode-boundary",
      "host-question-form-protocol",
      "role-marker-guard",
    ],
    "totalChars": 10498,
  },
  "classic-design-full-stack": {
    "sections": [
      "injection-resistance",
      "ui-locale-override",
      "discovery-and-philosophy",
      "shared-device-frames",
      "identity-charter",
      "personal-memory",
      "memory-intent-gateway",
      "memory-verify-scorecard",
      "memory-rule-proposal",
      "custom-instructions-user",
      "custom-instructions-project",
      "design-system-usage",
      "design-system-body",
      "design-system-import-mode",
      "design-system-tokens",
      "design-system-components-manifest",
      "design-system-pull-index",
      "craft-references",
      "active-skill",
      "project-metadata",
      "media-dispatch-hint",
      "active-ds-visual-direction-override",
      "filesystem-handoff-override",
      "host-question-form-protocol",
      "role-marker-guard",
    ],
    "totalChars": 71959,
  },
  "classic-design-minimal": {
    "sections": [
      "injection-resistance",
      "discovery-and-philosophy",
      "direction-library",
      "identity-charter",
      "media-dispatch-hint",
      "filesystem-handoff-override",
      "host-question-form-protocol",
      "role-marker-guard",
    ],
    "totalChars": 60214,
  },
  "codex-imagegen": {
    "sections": [
      "injection-resistance",
      "project-metadata",
      "media-generation-contract",
      "codex-imagegen-override",
      "host-question-form-protocol",
      "role-marker-guard",
    ],
    "totalChars": 13448,
  },
  "critique-enabled": {
    "sections": [
      "injection-resistance",
      "slim-core-charter",
      "design-system-usage",
      "design-system-body",
      "design-system-import-mode",
      "design-system-tokens",
      "design-system-components-manifest",
      "design-system-pull-index",
      "active-skill",
      "media-dispatch-hint",
      "critique-panel",
      "host-clarification-gate",
      "role-marker-guard",
    ],
    "totalChars": 32399,
  },
  "deck-kind-no-skill": {
    "sections": [
      "injection-resistance",
      "slim-core-charter",
      "project-metadata",
      "deck-directive",
      "media-dispatch-hint",
      "host-clarification-gate",
      "role-marker-guard",
    ],
    "totalChars": 31679,
  },
  "deck-kind-with-skill-seed": {
    "sections": [
      "injection-resistance",
      "slim-core-charter",
      "active-skill",
      "project-metadata",
      "media-dispatch-hint",
      "host-clarification-gate",
      "role-marker-guard",
    ],
    "totalChars": 26527,
  },
  "design-ds-fixture-fallback": {
    "sections": [
      "injection-resistance",
      "slim-core-charter",
      "design-system-usage",
      "design-system-body",
      "design-system-import-mode",
      "design-system-tokens",
      "design-system-fixture",
      "design-system-pull-index",
      "media-dispatch-hint",
      "host-clarification-gate",
      "role-marker-guard",
    ],
    "totalChars": 26766,
  },
  "design-full-stack": {
    "sections": [
      "injection-resistance",
      "ui-locale-override",
      "shared-device-frames",
      "slim-core-charter",
      "slim-platform-contracts",
      "personal-memory",
      "memory-intent-gateway",
      "memory-verify-scorecard",
      "memory-rule-proposal",
      "custom-instructions-user",
      "custom-instructions-project",
      "design-system-usage",
      "design-system-body",
      "design-system-import-mode",
      "design-system-tokens",
      "design-system-components-manifest",
      "design-system-pull-index",
      "craft-references",
      "active-skill",
      "project-metadata",
      "media-dispatch-hint",
      "host-clarification-gate",
      "role-marker-guard",
    ],
    "totalChars": 35262,
  },
  "design-minimal": {
    "sections": [
      "injection-resistance",
      "slim-core-charter",
      "media-dispatch-hint",
      "host-clarification-gate",
      "role-marker-guard",
    ],
    "totalChars": 25639,
  },
  "design-no-ds-multitarget": {
    "sections": [
      "injection-resistance",
      "shared-device-frames",
      "slim-core-charter",
      "slim-platform-contracts",
      "project-metadata",
      "media-dispatch-hint",
      "host-clarification-gate",
      "role-marker-guard",
    ],
    "totalChars": 28828,
  },
  "example-prompt": {
    "sections": [
      "injection-resistance",
      "example-prompt-override",
      "slim-core-charter",
      "project-metadata",
      "media-dispatch-hint",
      "host-clarification-gate",
      "role-marker-guard",
    ],
    "totalChars": 26683,
  },
  "freeform-other": {
    "sections": [
      "injection-resistance",
      "slim-core-charter",
      "project-metadata",
      "deck-directive",
      "maybe-deck-framework",
      "media-dispatch-hint",
      "host-clarification-gate",
      "role-marker-guard",
    ],
    "totalChars": 32039,
  },
  "freeform-other-no-deck-signal": {
    "sections": [
      "injection-resistance",
      "slim-core-charter",
      "project-metadata",
      "media-dispatch-hint",
      "host-clarification-gate",
      "role-marker-guard",
    ],
    "totalChars": 25966,
  },
  "media-image": {
    "sections": [
      "injection-resistance",
      "project-metadata",
      "media-generation-contract",
      "host-question-form-protocol",
      "role-marker-guard",
    ],
    "totalChars": 11943,
  },
  "memory-hooks-off": {
    "sections": [
      "injection-resistance",
      "slim-core-charter",
      "personal-memory",
      "memory-rule-proposal",
      "media-dispatch-hint",
      "host-clarification-gate",
      "role-marker-guard",
    ],
    "totalChars": 26802,
  },
  "plan-mode": {
    "sections": [
      "injection-resistance",
      "plan-mode-override",
      "slim-plan-foundation",
      "plan-dynamic-context-scope",
      "project-metadata",
      "plan-mode-boundary",
      "host-question-form-protocol",
      "role-marker-guard",
    ],
    "totalChars": 10156,
  },
  "plugin-stages": {
    "sections": [
      "injection-resistance",
      "slim-core-charter",
      "plugin-block",
      "active-stage-blocks",
      "media-dispatch-hint",
      "host-clarification-gate",
      "role-marker-guard",
    ],
    "totalChars": 25735,
  },
  "skip-discovery-brief": {
    "sections": [
      "injection-resistance",
      "skip-discovery-override",
      "slim-core-charter",
      "project-metadata",
      "media-dispatch-hint",
      "host-clarification-gate",
      "role-marker-guard",
    ],
    "totalChars": 26462,
  },
}
`;
